sh-4.4# mysql
Welcome to the MySQL monitor.  Commands end with ; or \g.
Your MySQL connection id is 8
Server version: 8.0.31 MySQL Community Server - GPL

Copyright (c) 2000, 2022, Oracle and/or its affiliates.

Oracle is a registered trademark of Oracle Corporation and/or its
affiliates. Other names may be trademarks of their respective
owners.

Type 'help;' or '\h' for help. Type '\c' to clear the current input statement.

mysql> show master status:
    -> ;
ERROR 1064 (42000): You have an error in your SQL syntax; check the manual that corresponds to your MySQL server version for the right syntax to use near ':' at line 1
mysql> show master status;
+------------------+----------+--------------+------------------+-------------------+
| File             | Position | Binlog_Do_DB | Binlog_Ignore_DB | Executed_Gtid_Set |
+------------------+----------+--------------+------------------+-------------------+
| mysql-bin.000015 |      157 |              |                  |                   |
+------------------+----------+--------------+------------------+-------------------+
1 row in set (0.00 sec)

mysql> create database netology
    -> ;
Query OK, 1 row affected (0.00 sec)

mysql> show database;
ERROR 1064 (42000): You have an error in your SQL syntax; check the manual that corresponds to your MySQL server version for the right syntax to use near 'database' at line 1
mysql> show databases;
+--------------------+
| Database           |
+--------------------+
| information_schema |
| mysql              |
| netology           |
| performance_schema |
| sys                |
+--------------------+
5 rows in set (0.01 sec)

mysql> show databases;
+--------------------+
| Database           |
+--------------------+
| information_schema |
| mysql              |
| netology           |
| performance_schema |
| sys                |
+--------------------+
5 rows in set (0.00 sec)

mysql> show master status;
+------------------+----------+--------------+------------------+-------------------+
| File             | Position | Binlog_Do_DB | Binlog_Ignore_DB | Executed_Gtid_Set |
+------------------+----------+--------------+------------------+-------------------+
| mysql-bin.000015 |      354 |              |                  |                   |
+------------------+----------+--------------+------------------+-------------------+
1 row in set (0.00 sec)

mysql> show master status;
+------------------+----------+--------------+------------------+-------------------+
| File             | Position | Binlog_Do_DB | Binlog_Ignore_DB | Executed_Gtid_Set |
+------------------+----------+--------------+------------------+-------------------+
| mysql-bin.000015 |      354 |              |                  |                   |
+------------------+----------+--------------+------------------+-------------------+
1 row in set (0.00 sec)

mysql> HANGE MASTER TO MASTER_HOST = 'replication-slave', MASTER_USER =
    -> 'repl', MASTER_PASSWORD = '@H9p3v6c', MASTER_LOG_FILE =
    -> 'mysql-bin.000001', MASTER_LOG_POS = 361;
ERROR 1064 (42000): You have an error in your SQL syntax; check the manual that corresponds to your MySQL server version for the right syntax to use near 'HANGE MASTER TO MASTER_HOST = 'replication-slave', MASTER_USER =
'repl', MASTER_' at line 1
mysql> HANGE MASTER TO MASTER_HOST = 'replication-slave', MASTER_USER =
    -> 'repl', MASTER_PASSWORD = '@H9p3v6c', MASTER_LOG_FILE =
    -> 'mysql-bin.000001', MASTER_LOG_POS = 361;
ERROR 1064 (42000): You have an error in your SQL syntax; check the manual that corresponds to your MySQL server version for the right syntax to use near 'HANGE MASTER TO MASTER_HOST = 'replication-slave', MASTER_USER =
'repl', MASTER_' at line 1
mysql> CHANGE MASTER TO MASTER_HOST = 'replication-slave', MASTER_USER =
    -> 'repl', MASTER_PASSWORD = '@H9p3v6c', MASTER_LOG_FILE =
    -> 'mysql-bin.000001', MASTER_LOG_POS = 361;
Query OK, 0 rows affected, 8 warnings (0.02 sec)

mysql> slave start;
ERROR 1064 (42000): You have an error in your SQL syntax; check the manual that corresponds to your MySQL server version for the right syntax to use near 'slave start' at line 1
mysql> slave start;
ERROR 1064 (42000): You have an error in your SQL syntax; check the manual that corresponds to your MySQL server version for the right syntax to use near 'slave start' at line 1
mysql> start slave;
Query OK, 0 rows affected, 1 warning (0.02 sec)

mysql> SHOW SLAVE STATUS\G
*************************** 1. row ***************************
               Slave_IO_State: Connecting to source
                  Master_Host: replication-slave
                  Master_User: repl
                  Master_Port: 3306
                Connect_Retry: 60
              Master_Log_File: mysql-bin.000001
          Read_Master_Log_Pos: 361
               Relay_Log_File: master-relay-bin.000001
                Relay_Log_Pos: 4
        Relay_Master_Log_File: mysql-bin.000001
             Slave_IO_Running: Connecting
            Slave_SQL_Running: Yes
              Replicate_Do_DB: 
          Replicate_Ignore_DB: 
           Replicate_Do_Table: 
       Replicate_Ignore_Table: 
      Replicate_Wild_Do_Table: 
  Replicate_Wild_Ignore_Table: 
                   Last_Errno: 0
                   Last_Error: 
                 Skip_Counter: 0
          Exec_Master_Log_Pos: 361
              Relay_Log_Space: 157
              Until_Condition: None
               Until_Log_File: 
                Until_Log_Pos: 0
           Master_SSL_Allowed: No
           Master_SSL_CA_File: 
           Master_SSL_CA_Path: 
              Master_SSL_Cert: 
            Master_SSL_Cipher: 
               Master_SSL_Key: 
        Seconds_Behind_Master: NULL
Master_SSL_Verify_Server_Cert: No
                Last_IO_Errno: 1045
                Last_IO_Error: error connecting to master 'repl@replication-slave:3306' - retry-time: 60 retries: 3 message: Access denied for user 'repl'@'replication-master.mysql_netology' (using password: YES)
               Last_SQL_Errno: 0
               Last_SQL_Error: 
  Replicate_Ignore_Server_Ids: 
             Master_Server_Id: 0
                  Master_UUID: 
             Master_Info_File: mysql.slave_master_info
                    SQL_Delay: 0
          SQL_Remaining_Delay: NULL
      Slave_SQL_Running_State: Replica has read all relay log; waiting for more updates
           Master_Retry_Count: 86400
                  Master_Bind: 
      Last_IO_Error_Timestamp: 221023 13:35:34
     Last_SQL_Error_Timestamp: 
               Master_SSL_Crl: 
           Master_SSL_Crlpath: 
           Retrieved_Gtid_Set: 
            Executed_Gtid_Set: 
                Auto_Position: 0
         Replicate_Rewrite_DB: 
                 Channel_Name: 
           Master_TLS_Version: 
       Master_public_key_path: 
        Get_master_public_key: 0
            Network_Namespace: 
1 row in set, 1 warning (0.00 sec)

mysql> SHOW SLAVE STATUS\G
*************************** 1. row ***************************
               Slave_IO_State: Connecting to source
                  Master_Host: replication-slave
                  Master_User: repl
                  Master_Port: 3306
                Connect_Retry: 60
              Master_Log_File: mysql-bin.000001
          Read_Master_Log_Pos: 361
               Relay_Log_File: master-relay-bin.000001
                Relay_Log_Pos: 4
        Relay_Master_Log_File: mysql-bin.000001
             Slave_IO_Running: Connecting
            Slave_SQL_Running: Yes
              Replicate_Do_DB: 
          Replicate_Ignore_DB: 
           Replicate_Do_Table: 
       Replicate_Ignore_Table: 
      Replicate_Wild_Do_Table: 
  Replicate_Wild_Ignore_Table: 
                   Last_Errno: 0
                   Last_Error: 
                 Skip_Counter: 0
          Exec_Master_Log_Pos: 361
              Relay_Log_Space: 157
              Until_Condition: None
               Until_Log_File: 
                Until_Log_Pos: 0
           Master_SSL_Allowed: No
           Master_SSL_CA_File: 
           Master_SSL_CA_Path: 
              Master_SSL_Cert: 
            Master_SSL_Cipher: 
               Master_SSL_Key: 
        Seconds_Behind_Master: NULL
Master_SSL_Verify_Server_Cert: No
                Last_IO_Errno: 1045
                Last_IO_Error: error connecting to master 'repl@replication-slave:3306' - retry-time: 60 retries: 8 message: Access denied for user 'repl'@'replication-master.mysql_netology' (using password: YES)
               Last_SQL_Errno: 0
               Last_SQL_Error: 
  Replicate_Ignore_Server_Ids: 
             Master_Server_Id: 0
                  Master_UUID: 
             Master_Info_File: mysql.slave_master_info
                    SQL_Delay: 0
          SQL_Remaining_Delay: NULL
      Slave_SQL_Running_State: Replica has read all relay log; waiting for more updates
           Master_Retry_Count: 86400
                  Master_Bind: 
      Last_IO_Error_Timestamp: 221023 13:40:34
     Last_SQL_Error_Timestamp: 
               Master_SSL_Crl: 
           Master_SSL_Crlpath: 
           Retrieved_Gtid_Set: 
            Executed_Gtid_Set: 
                Auto_Position: 0
         Replicate_Rewrite_DB: 
                 Channel_Name: 
           Master_TLS_Version: 
       Master_public_key_path: 
        Get_master_public_key: 0
            Network_Namespace: 
1 row in set, 1 warning (0.00 sec)

mysql> SHOW SLAVE STATUS\G
*************************** 1. row ***************************
               Slave_IO_State: Connecting to source
                  Master_Host: replication-slave
                  Master_User: repl
                  Master_Port: 3306
                Connect_Retry: 60
              Master_Log_File: mysql-bin.000001
          Read_Master_Log_Pos: 361
               Relay_Log_File: master-relay-bin.000001
                Relay_Log_Pos: 4
        Relay_Master_Log_File: mysql-bin.000001
             Slave_IO_Running: Connecting
            Slave_SQL_Running: Yes
              Replicate_Do_DB: 
          Replicate_Ignore_DB: 
           Replicate_Do_Table: 
       Replicate_Ignore_Table: 
      Replicate_Wild_Do_Table: 
  Replicate_Wild_Ignore_Table: 
                   Last_Errno: 0
                   Last_Error: 
                 Skip_Counter: 0
          Exec_Master_Log_Pos: 361
              Relay_Log_Space: 157
              Until_Condition: None
               Until_Log_File: 
                Until_Log_Pos: 0
           Master_SSL_Allowed: No
           Master_SSL_CA_File: 
           Master_SSL_CA_Path: 
              Master_SSL_Cert: 
            Master_SSL_Cipher: 
               Master_SSL_Key: 
        Seconds_Behind_Master: NULL
Master_SSL_Verify_Server_Cert: No
                Last_IO_Errno: 1045
                Last_IO_Error: error connecting to master 'repl@replication-slave:3306' - retry-time: 60 retries: 8 message: Access denied for user 'repl'@'replication-master.mysql_netology' (using password: YES)
               Last_SQL_Errno: 0
               Last_SQL_Error: 
  Replicate_Ignore_Server_Ids: 
             Master_Server_Id: 0
                  Master_UUID: 
             Master_Info_File: mysql.slave_master_info
                    SQL_Delay: 0
          SQL_Remaining_Delay: NULL
      Slave_SQL_Running_State: Replica has read all relay log; waiting for more updates
           Master_Retry_Count: 86400
                  Master_Bind: 
      Last_IO_Error_Timestamp: 221023 13:40:34
     Last_SQL_Error_Timestamp: 
               Master_SSL_Crl: 
           Master_SSL_Crlpath: 
           Retrieved_Gtid_Set: 
            Executed_Gtid_Set: 
                Auto_Position: 0
         Replicate_Rewrite_DB: 
                 Channel_Name: 
           Master_TLS_Version: 
       Master_public_key_path: 
        Get_master_public_key: 0
            Network_Namespace: 
1 row in set, 1 warning (0.00 sec)

mysql> start slave;
Query OK, 0 rows affected, 2 warnings (0.00 sec)

mysql> SHOW SLAVE STATUS\G
*************************** 1. row ***************************
               Slave_IO_State: Connecting to source
                  Master_Host: replication-slave
                  Master_User: repl
                  Master_Port: 3306
                Connect_Retry: 60
              Master_Log_File: mysql-bin.000001
          Read_Master_Log_Pos: 361
               Relay_Log_File: master-relay-bin.000001
                Relay_Log_Pos: 4
        Relay_Master_Log_File: mysql-bin.000001
             Slave_IO_Running: Connecting
            Slave_SQL_Running: Yes
              Replicate_Do_DB: 
          Replicate_Ignore_DB: 
           Replicate_Do_Table: 
       Replicate_Ignore_Table: 
      Replicate_Wild_Do_Table: 
  Replicate_Wild_Ignore_Table: 
                   Last_Errno: 0
                   Last_Error: 
                 Skip_Counter: 0
          Exec_Master_Log_Pos: 361
              Relay_Log_Space: 157
              Until_Condition: None
               Until_Log_File: 
                Until_Log_Pos: 0
           Master_SSL_Allowed: No
           Master_SSL_CA_File: 
           Master_SSL_CA_Path: 
              Master_SSL_Cert: 
            Master_SSL_Cipher: 
               Master_SSL_Key: 
        Seconds_Behind_Master: NULL
Master_SSL_Verify_Server_Cert: No
                Last_IO_Errno: 1045
                Last_IO_Error: error connecting to master 'repl@replication-slave:3306' - retry-time: 60 retries: 8 message: Access denied for user 'repl'@'replication-master.mysql_netology' (using password: YES)
               Last_SQL_Errno: 0
               Last_SQL_Error: 
  Replicate_Ignore_Server_Ids: 
             Master_Server_Id: 0
                  Master_UUID: 
             Master_Info_File: mysql.slave_master_info
                    SQL_Delay: 0
          SQL_Remaining_Delay: NULL
      Slave_SQL_Running_State: Replica has read all relay log; waiting for more updates
           Master_Retry_Count: 86400
                  Master_Bind: 
      Last_IO_Error_Timestamp: 221023 13:40:34
     Last_SQL_Error_Timestamp: 
               Master_SSL_Crl: 
           Master_SSL_Crlpath: 
           Retrieved_Gtid_Set: 
            Executed_Gtid_Set: 
                Auto_Position: 0
         Replicate_Rewrite_DB: 
                 Channel_Name: 
           Master_TLS_Version: 
       Master_public_key_path: 
        Get_master_public_key: 0
            Network_Namespace: 
1 row in set, 1 warning (0.00 sec)

mysql> stop slave;
Query OK, 0 rows affected, 1 warning (0.00 sec)

mysql> CHANGE MASTER TO MASTER_HOST = 'replication-slave', MASTER_USER =
    -> 'repl', MASTER_PASSWORD = '@H9p3v6c', MASTER_LOG_FILE =
    -> 'mysql-bin.000001', MASTER_LOG_POS = 910;
Query OK, 0 rows affected, 8 warnings (0.02 sec)

mysql> start slave;
Query OK, 0 rows affected, 1 warning (0.02 sec)

mysql> SHOW SLAVE STATUS\G
*************************** 1. row ***************************
               Slave_IO_State: Waiting for source to send event
                  Master_Host: replication-slave
                  Master_User: repl
                  Master_Port: 3306
                Connect_Retry: 60
              Master_Log_File: mysql-bin.000001
          Read_Master_Log_Pos: 910
               Relay_Log_File: master-relay-bin.000002
                Relay_Log_Pos: 326
        Relay_Master_Log_File: mysql-bin.000001
             Slave_IO_Running: Yes
            Slave_SQL_Running: Yes
              Replicate_Do_DB: 
          Replicate_Ignore_DB: 
           Replicate_Do_Table: 
       Replicate_Ignore_Table: 
      Replicate_Wild_Do_Table: 
  Replicate_Wild_Ignore_Table: 
                   Last_Errno: 0
                   Last_Error: 
                 Skip_Counter: 0
          Exec_Master_Log_Pos: 910
              Relay_Log_Space: 537
              Until_Condition: None
               Until_Log_File: 
                Until_Log_Pos: 0
           Master_SSL_Allowed: No
           Master_SSL_CA_File: 
           Master_SSL_CA_Path: 
              Master_SSL_Cert: 
            Master_SSL_Cipher: 
               Master_SSL_Key: 
        Seconds_Behind_Master: 0
Master_SSL_Verify_Server_Cert: No
                Last_IO_Errno: 0
                Last_IO_Error: 
               Last_SQL_Errno: 0
               Last_SQL_Error: 
  Replicate_Ignore_Server_Ids: 
             Master_Server_Id: 2
                  Master_UUID: c77115ee-52ca-11ed-b8a7-0242ac180070
             Master_Info_File: mysql.slave_master_info
                    SQL_Delay: 0
          SQL_Remaining_Delay: NULL
      Slave_SQL_Running_State: Replica has read all relay log; waiting for more updates
           Master_Retry_Count: 86400
                  Master_Bind: 
      Last_IO_Error_Timestamp: 
     Last_SQL_Error_Timestamp: 
               Master_SSL_Crl: 
           Master_SSL_Crlpath: 
           Retrieved_Gtid_Set: 
            Executed_Gtid_Set: 
                Auto_Position: 0
         Replicate_Rewrite_DB: 
                 Channel_Name: 
           Master_TLS_Version: 
       Master_public_key_path: 
        Get_master_public_key: 0
            Network_Namespace: 
1 row in set, 1 warning (0.00 sec)

mysql> create database examplemaster;
Query OK, 1 row affected (0.01 sec)

mysql> select * from test
    -> ;
ERROR 1046 (3D000): No database selected
mysql> show databases
    -> ;
+--------------------+
| Database           |
+--------------------+
| example            |
| examplemaster      |
| information_schema |
| mysql              |
| netology           |
| performance_schema |
| sys                |
+--------------------+
7 rows in set (0.00 sec)

mysql> use examplmaster
ERROR 1049 (42000): Unknown database 'examplmaster'
mysql> use examplemaster
Reading table information for completion of table and column names
You can turn off this feature to get a quicker startup with -A

Database changed
mysql> select * from test
    -> ;
Empty set (0.00 sec)

mysql> select * from test;
Empty set (0.00 sec)

mysql> select * from test;
+------+------+
| c1   | c2   |
+------+------+
|  123 |  234 |
+------+------+
1 row in set (0.00 sec)

mysql> select * from test;
+----------+----------+
| c1       | c2       |
+----------+----------+
|      123 |      234 |
| 12334324 | 23324234 |
|        1 |        1 |
|       11 |       11 |
+----------+----------+
4 rows in set (0.00 sec)

mysql> SHOW SLAVE STATUS\G
*************************** 1. row ***************************
               Slave_IO_State: Waiting for source to send event
                  Master_Host: replication-slave
                  Master_User: repl
                  Master_Port: 3306
                Connect_Retry: 60
              Master_Log_File: mysql-bin.000001
          Read_Master_Log_Pos: 2760
               Relay_Log_File: master-relay-bin.000002
                Relay_Log_Pos: 1957
        Relay_Master_Log_File: mysql-bin.000001
             Slave_IO_Running: Yes
            Slave_SQL_Running: Yes
              Replicate_Do_DB: 
          Replicate_Ignore_DB: 
           Replicate_Do_Table: 
       Replicate_Ignore_Table: 
      Replicate_Wild_Do_Table: 
  Replicate_Wild_Ignore_Table: 
                   Last_Errno: 0
                   Last_Error: 
                 Skip_Counter: 0
          Exec_Master_Log_Pos: 2760
              Relay_Log_Space: 2168
              Until_Condition: None
               Until_Log_File: 
                Until_Log_Pos: 0
           Master_SSL_Allowed: No
           Master_SSL_CA_File: 
           Master_SSL_CA_Path: 
              Master_SSL_Cert: 
            Master_SSL_Cipher: 
               Master_SSL_Key: 
        Seconds_Behind_Master: 0
Master_SSL_Verify_Server_Cert: No
                Last_IO_Errno: 0
                Last_IO_Error: 
               Last_SQL_Errno: 0
               Last_SQL_Error: 
  Replicate_Ignore_Server_Ids: 
             Master_Server_Id: 2
                  Master_UUID: c77115ee-52ca-11ed-b8a7-0242ac180070
             Master_Info_File: mysql.slave_master_info
                    SQL_Delay: 0
          SQL_Remaining_Delay: NULL
      Slave_SQL_Running_State: Replica has read all relay log; waiting for more updates
           Master_Retry_Count: 86400
                  Master_Bind: 
      Last_IO_Error_Timestamp: 
     Last_SQL_Error_Timestamp: 
               Master_SSL_Crl: 
           Master_SSL_Crlpath: 
           Retrieved_Gtid_Set: 
            Executed_Gtid_Set: 
                Auto_Position: 0
         Replicate_Rewrite_DB: 
                 Channel_Name: 
           Master_TLS_Version: 
       Master_public_key_path: 
        Get_master_public_key: 0
            Network_Namespace: 
1 row in set, 1 warning (0.00 sec)

mysql> show variables like '%ssl%';
+-------------------------------------+-----------------+
| Variable_name                       | Value           |
+-------------------------------------+-----------------+
| admin_ssl_ca                        |                 |
| admin_ssl_capath                    |                 |
| admin_ssl_cert                      |                 |
| admin_ssl_cipher                    |                 |
| admin_ssl_crl                       |                 |
| admin_ssl_crlpath                   |                 |
| admin_ssl_key                       |                 |
| have_openssl                        | YES             |
| have_ssl                            | YES             |
| mysqlx_ssl_ca                       |                 |
| mysqlx_ssl_capath                   |                 |
| mysqlx_ssl_cert                     |                 |
| mysqlx_ssl_cipher                   |                 |
| mysqlx_ssl_crl                      |                 |
| mysqlx_ssl_crlpath                  |                 |
| mysqlx_ssl_key                      |                 |
| performance_schema_show_processlist | OFF             |
| ssl_ca                              | ca.pem          |
| ssl_capath                          |                 |
| ssl_cert                            | server-cert.pem |
| ssl_cipher                          |                 |
| ssl_crl                             |                 |
| ssl_crlpath                         |                 |
| ssl_fips_mode                       | OFF             |
| ssl_key                             | server-key.pem  |
| ssl_session_cache_mode              | ON              |
| ssl_session_cache_timeout           | 300             |
+-------------------------------------+-----------------+
27 rows in set (0.01 sec)

mysql> select user,host,ssl_type from mysql.user;
+------------------+-----------+----------+
| user             | host      | ssl_type |
+------------------+-----------+----------+
| repl             | %         |          |
| mysql.infoschema | localhost |          |
| mysql.session    | localhost |          |
| mysql.sys        | localhost |          |
| root             | localhost |          |
+------------------+-----------+----------+
5 rows in set (0.00 sec)

mysql> 